/home/ssafy/finalPJT/SelfFound/ros2_ws/install/lost_item_detector/lib/python3.10/site-packages/lost_item_detector/detector_node_mock.py
/home/ssafy/finalPJT/SelfFound/ros2_ws/install/lost_item_detector/lib/python3.10/site-packages/lost_item_detector/__init__.py
/home/ssafy/finalPJT/SelfFound/ros2_ws/install/lost_item_detector/lib/python3.10/site-packages/lost_item_detector/detector_node.py
/home/ssafy/finalPJT/SelfFound/ros2_ws/install/lost_item_detector/lib/python3.10/site-packages/lost_item_detector/trigger_node.py
/home/ssafy/finalPJT/SelfFound/ros2_ws/install/lost_item_detector/lib/python3.10/site-packages/lost_item_detector/__pycache__/detector_node_mock.cpython-310.pyc
/home/ssafy/finalPJT/SelfFound/ros2_ws/install/lost_item_detector/lib/python3.10/site-packages/lost_item_detector/__pycache__/__init__.cpython-310.pyc
/home/ssafy/finalPJT/SelfFound/ros2_ws/install/lost_item_detector/lib/python3.10/site-packages/lost_item_detector/__pycache__/detector_node.cpython-310.pyc
/home/ssafy/finalPJT/SelfFound/ros2_ws/install/lost_item_detector/lib/python3.10/site-packages/lost_item_detector/__pycache__/trigger_node.cpython-310.pyc
/home/ssafy/finalPJT/SelfFound/ros2_ws/install/lost_item_detector/share/ament_index/resource_index/packages/lost_item_detector
/home/ssafy/finalPJT/SelfFound/ros2_ws/install/lost_item_detector/share/lost_item_detector/package.xml
/home/ssafy/finalPJT/SelfFound/ros2_ws/install/lost_item_detector/share/lost_item_detector/detector.launch.py
/home/ssafy/finalPJT/SelfFound/ros2_ws/install/lost_item_detector/share/lost_item_detector/config/params.yaml
/home/ssafy/finalPJT/SelfFound/ros2_ws/install/lost_item_detector/lib/python3.10/site-packages/lost_item_detector-0.1.0-py3.10.egg-info/PKG-INFO
/home/ssafy/finalPJT/SelfFound/ros2_ws/install/lost_item_detector/lib/python3.10/site-packages/lost_item_detector-0.1.0-py3.10.egg-info/entry_points.txt
/home/ssafy/finalPJT/SelfFound/ros2_ws/install/lost_item_detector/lib/python3.10/site-packages/lost_item_detector-0.1.0-py3.10.egg-info/dependency_links.txt
/home/ssafy/finalPJT/SelfFound/ros2_ws/install/lost_item_detector/lib/python3.10/site-packages/lost_item_detector-0.1.0-py3.10.egg-info/requires.txt
/home/ssafy/finalPJT/SelfFound/ros2_ws/install/lost_item_detector/lib/python3.10/site-packages/lost_item_detector-0.1.0-py3.10.egg-info/top_level.txt
/home/ssafy/finalPJT/SelfFound/ros2_ws/install/lost_item_detector/lib/python3.10/site-packages/lost_item_detector-0.1.0-py3.10.egg-info/SOURCES.txt
/home/ssafy/finalPJT/SelfFound/ros2_ws/install/lost_item_detector/lib/python3.10/site-packages/lost_item_detector-0.1.0-py3.10.egg-info/zip-safe
/home/ssafy/finalPJT/SelfFound/ros2_ws/install/lost_item_detector/lib/lost_item_detector/detector_node
/home/ssafy/finalPJT/SelfFound/ros2_ws/install/lost_item_detector/lib/lost_item_detector/detector_node_mock
/home/ssafy/finalPJT/SelfFound/ros2_ws/install/lost_item_detector/lib/lost_item_detector/trigger_node
