/home/ssafy/finalPJT/SelfFound/ros2_ws/install/dobot_kinematics/lib/python3.10/site-packages/dobot_kinematics/trajectory_validator_server.py
/home/ssafy/finalPJT/SelfFound/ros2_ws/install/dobot_kinematics/lib/python3.10/site-packages/dobot_kinematics/collision_detection_server.py
/home/ssafy/finalPJT/SelfFound/ros2_ws/install/dobot_kinematics/lib/python3.10/site-packages/dobot_kinematics/dobot_inv_kin.py
/home/ssafy/finalPJT/SelfFound/ros2_ws/install/dobot_kinematics/lib/python3.10/site-packages/dobot_kinematics/dobot_forward_kin.py
/home/ssafy/finalPJT/SelfFound/ros2_ws/install/dobot_kinematics/lib/python3.10/site-packages/dobot_kinematics/trajectory_validator_client.py
/home/ssafy/finalPJT/SelfFound/ros2_ws/install/dobot_kinematics/lib/python3.10/site-packages/dobot_kinematics/collision_utils.py
/home/ssafy/finalPJT/SelfFound/ros2_ws/install/dobot_kinematics/lib/python3.10/site-packages/dobot_kinematics/__init__.py
/home/ssafy/finalPJT/SelfFound/ros2_ws/install/dobot_kinematics/lib/python3.10/site-packages/dobot_kinematics/__pycache__/trajectory_validator_server.cpython-310.pyc
/home/ssafy/finalPJT/SelfFound/ros2_ws/install/dobot_kinematics/lib/python3.10/site-packages/dobot_kinematics/__pycache__/collision_detection_server.cpython-310.pyc
/home/ssafy/finalPJT/SelfFound/ros2_ws/install/dobot_kinematics/lib/python3.10/site-packages/dobot_kinematics/__pycache__/dobot_inv_kin.cpython-310.pyc
/home/ssafy/finalPJT/SelfFound/ros2_ws/install/dobot_kinematics/lib/python3.10/site-packages/dobot_kinematics/__pycache__/dobot_forward_kin.cpython-310.pyc
/home/ssafy/finalPJT/SelfFound/ros2_ws/install/dobot_kinematics/lib/python3.10/site-packages/dobot_kinematics/__pycache__/trajectory_validator_client.cpython-310.pyc
/home/ssafy/finalPJT/SelfFound/ros2_ws/install/dobot_kinematics/lib/python3.10/site-packages/dobot_kinematics/__pycache__/collision_utils.cpython-310.pyc
/home/ssafy/finalPJT/SelfFound/ros2_ws/install/dobot_kinematics/lib/python3.10/site-packages/dobot_kinematics/__pycache__/__init__.cpython-310.pyc
/home/ssafy/finalPJT/SelfFound/ros2_ws/install/dobot_kinematics/share/ament_index/resource_index/packages/dobot_kinematics
/home/ssafy/finalPJT/SelfFound/ros2_ws/install/dobot_kinematics/share/dobot_kinematics/package.xml
/home/ssafy/finalPJT/SelfFound/ros2_ws/install/dobot_kinematics/share/dobot_kinematics/dobot_validate_trajectory.launch.py
/home/ssafy/finalPJT/SelfFound/ros2_ws/install/dobot_kinematics/share/dobot_kinematics/config/axis_limits.yaml
/home/ssafy/finalPJT/SelfFound/ros2_ws/install/dobot_kinematics/lib/python3.10/site-packages/dobot_kinematics-1.0.0-py3.10.egg-info/zip-safe
/home/ssafy/finalPJT/SelfFound/ros2_ws/install/dobot_kinematics/lib/python3.10/site-packages/dobot_kinematics-1.0.0-py3.10.egg-info/PKG-INFO
/home/ssafy/finalPJT/SelfFound/ros2_ws/install/dobot_kinematics/lib/python3.10/site-packages/dobot_kinematics-1.0.0-py3.10.egg-info/entry_points.txt
/home/ssafy/finalPJT/SelfFound/ros2_ws/install/dobot_kinematics/lib/python3.10/site-packages/dobot_kinematics-1.0.0-py3.10.egg-info/requires.txt
/home/ssafy/finalPJT/SelfFound/ros2_ws/install/dobot_kinematics/lib/python3.10/site-packages/dobot_kinematics-1.0.0-py3.10.egg-info/SOURCES.txt
/home/ssafy/finalPJT/SelfFound/ros2_ws/install/dobot_kinematics/lib/python3.10/site-packages/dobot_kinematics-1.0.0-py3.10.egg-info/top_level.txt
/home/ssafy/finalPJT/SelfFound/ros2_ws/install/dobot_kinematics/lib/python3.10/site-packages/dobot_kinematics-1.0.0-py3.10.egg-info/dependency_links.txt
/home/ssafy/finalPJT/SelfFound/ros2_ws/install/dobot_kinematics/lib/dobot_kinematics/trajectory_validator_client
/home/ssafy/finalPJT/SelfFound/ros2_ws/install/dobot_kinematics/lib/dobot_kinematics/trajectory_validator_server
