/home/ssafy/finalPJT/SelfFound/ros2_ws/install/turtlebot_manager/lib/python3.10/site-packages/turtlebot_manager/navigate_to_named_pose.py
/home/ssafy/finalPJT/SelfFound/ros2_ws/install/turtlebot_manager/lib/python3.10/site-packages/turtlebot_manager/__init__.py
/home/ssafy/finalPJT/SelfFound/ros2_ws/install/turtlebot_manager/lib/python3.10/site-packages/turtlebot_manager/navigation_server.py
/home/ssafy/finalPJT/SelfFound/ros2_ws/install/turtlebot_manager/lib/python3.10/site-packages/turtlebot_manager/__pycache__/navigate_to_named_pose.cpython-310.pyc
/home/ssafy/finalPJT/SelfFound/ros2_ws/install/turtlebot_manager/lib/python3.10/site-packages/turtlebot_manager/__pycache__/__init__.cpython-310.pyc
/home/ssafy/finalPJT/SelfFound/ros2_ws/install/turtlebot_manager/lib/python3.10/site-packages/turtlebot_manager/__pycache__/navigation_server.cpython-310.pyc
/home/ssafy/finalPJT/SelfFound/ros2_ws/install/turtlebot_manager/share/ament_index/resource_index/packages/turtlebot_manager
/home/ssafy/finalPJT/SelfFound/ros2_ws/install/turtlebot_manager/share/turtlebot_manager/package.xml
/home/ssafy/finalPJT/SelfFound/ros2_ws/install/turtlebot_manager/share/turtlebot_manager/launch/navigation.launch.py
/home/ssafy/finalPJT/SelfFound/ros2_ws/install/turtlebot_manager/share/turtlebot_manager/worlds/lost_and_found.world
/home/ssafy/finalPJT/SelfFound/ros2_ws/install/turtlebot_manager/share/turtlebot_manager/maps/pjt_map.yaml
/home/ssafy/finalPJT/SelfFound/ros2_ws/install/turtlebot_manager/share/turtlebot_manager/maps/pjt_map.pgm
/home/ssafy/finalPJT/SelfFound/ros2_ws/install/turtlebot_manager/share/turtlebot_manager/config/named_poses.yaml
/home/ssafy/finalPJT/SelfFound/ros2_ws/install/turtlebot_manager/lib/python3.10/site-packages/turtlebot_manager-0.0.0-py3.10.egg-info/zip-safe
/home/ssafy/finalPJT/SelfFound/ros2_ws/install/turtlebot_manager/lib/python3.10/site-packages/turtlebot_manager-0.0.0-py3.10.egg-info/PKG-INFO
/home/ssafy/finalPJT/SelfFound/ros2_ws/install/turtlebot_manager/lib/python3.10/site-packages/turtlebot_manager-0.0.0-py3.10.egg-info/entry_points.txt
/home/ssafy/finalPJT/SelfFound/ros2_ws/install/turtlebot_manager/lib/python3.10/site-packages/turtlebot_manager-0.0.0-py3.10.egg-info/requires.txt
/home/ssafy/finalPJT/SelfFound/ros2_ws/install/turtlebot_manager/lib/python3.10/site-packages/turtlebot_manager-0.0.0-py3.10.egg-info/SOURCES.txt
/home/ssafy/finalPJT/SelfFound/ros2_ws/install/turtlebot_manager/lib/python3.10/site-packages/turtlebot_manager-0.0.0-py3.10.egg-info/top_level.txt
/home/ssafy/finalPJT/SelfFound/ros2_ws/install/turtlebot_manager/lib/python3.10/site-packages/turtlebot_manager-0.0.0-py3.10.egg-info/dependency_links.txt
/home/ssafy/finalPJT/SelfFound/ros2_ws/install/turtlebot_manager/lib/turtlebot_manager/navigate_to_named_pose
/home/ssafy/finalPJT/SelfFound/ros2_ws/install/turtlebot_manager/lib/turtlebot_manager/navigation_server
