/home/ssafy/finalPJT/SelfFound/ros2_ws/install/dobot_visualization_tools/lib/python3.10/site-packages/dobot_visualization_tools/int_marker.py
/home/ssafy/finalPJT/SelfFound/ros2_ws/install/dobot_visualization_tools/lib/python3.10/site-packages/dobot_visualization_tools/__init__.py
/home/ssafy/finalPJT/SelfFound/ros2_ws/install/dobot_visualization_tools/lib/python3.10/site-packages/dobot_visualization_tools/camera_range.py
/home/ssafy/finalPJT/SelfFound/ros2_ws/install/dobot_visualization_tools/lib/python3.10/site-packages/dobot_visualization_tools/dobot_range.py
/home/ssafy/finalPJT/SelfFound/ros2_ws/install/dobot_visualization_tools/lib/python3.10/site-packages/dobot_visualization_tools/trajectory_markers.py
/home/ssafy/finalPJT/SelfFound/ros2_ws/install/dobot_visualization_tools/lib/python3.10/site-packages/dobot_visualization_tools/__pycache__/int_marker.cpython-310.pyc
/home/ssafy/finalPJT/SelfFound/ros2_ws/install/dobot_visualization_tools/lib/python3.10/site-packages/dobot_visualization_tools/__pycache__/__init__.cpython-310.pyc
/home/ssafy/finalPJT/SelfFound/ros2_ws/install/dobot_visualization_tools/lib/python3.10/site-packages/dobot_visualization_tools/__pycache__/camera_range.cpython-310.pyc
/home/ssafy/finalPJT/SelfFound/ros2_ws/install/dobot_visualization_tools/lib/python3.10/site-packages/dobot_visualization_tools/__pycache__/dobot_range.cpython-310.pyc
/home/ssafy/finalPJT/SelfFound/ros2_ws/install/dobot_visualization_tools/lib/python3.10/site-packages/dobot_visualization_tools/__pycache__/trajectory_markers.cpython-310.pyc
/home/ssafy/finalPJT/SelfFound/ros2_ws/install/dobot_visualization_tools/share/ament_index/resource_index/packages/dobot_visualization_tools
/home/ssafy/finalPJT/SelfFound/ros2_ws/install/dobot_visualization_tools/share/dobot_visualization_tools/package.xml
/home/ssafy/finalPJT/SelfFound/ros2_ws/install/dobot_visualization_tools/share/dobot_visualization_tools/dae_models/dobot_range.dae
/home/ssafy/finalPJT/SelfFound/ros2_ws/install/dobot_visualization_tools/share/dobot_visualization_tools/dae_models/realsense_FOV.dae
/home/ssafy/finalPJT/SelfFound/ros2_ws/install/dobot_visualization_tools/lib/python3.10/site-packages/dobot_visualization_tools-1.0.0-py3.10.egg-info/PKG-INFO
/home/ssafy/finalPJT/SelfFound/ros2_ws/install/dobot_visualization_tools/lib/python3.10/site-packages/dobot_visualization_tools-1.0.0-py3.10.egg-info/entry_points.txt
/home/ssafy/finalPJT/SelfFound/ros2_ws/install/dobot_visualization_tools/lib/python3.10/site-packages/dobot_visualization_tools-1.0.0-py3.10.egg-info/dependency_links.txt
/home/ssafy/finalPJT/SelfFound/ros2_ws/install/dobot_visualization_tools/lib/python3.10/site-packages/dobot_visualization_tools-1.0.0-py3.10.egg-info/requires.txt
/home/ssafy/finalPJT/SelfFound/ros2_ws/install/dobot_visualization_tools/lib/python3.10/site-packages/dobot_visualization_tools-1.0.0-py3.10.egg-info/top_level.txt
/home/ssafy/finalPJT/SelfFound/ros2_ws/install/dobot_visualization_tools/lib/python3.10/site-packages/dobot_visualization_tools-1.0.0-py3.10.egg-info/SOURCES.txt
/home/ssafy/finalPJT/SelfFound/ros2_ws/install/dobot_visualization_tools/lib/python3.10/site-packages/dobot_visualization_tools-1.0.0-py3.10.egg-info/zip-safe
/home/ssafy/finalPJT/SelfFound/ros2_ws/install/dobot_visualization_tools/lib/dobot_visualization_tools/int_marker
/home/ssafy/finalPJT/SelfFound/ros2_ws/install/dobot_visualization_tools/lib/dobot_visualization_tools/show_camera_FOV
/home/ssafy/finalPJT/SelfFound/ros2_ws/install/dobot_visualization_tools/lib/dobot_visualization_tools/show_dobot_range
/home/ssafy/finalPJT/SelfFound/ros2_ws/install/dobot_visualization_tools/lib/dobot_visualization_tools/show_trajectory
