/home/ssafy/finalPJT/SelfFound/ros2_ws/install/dobot_control_panel/lib/python3.10/site-packages/dobot_control_panel/dobot_control_panel_widget.py
/home/ssafy/finalPJT/SelfFound/ros2_ws/install/dobot_control_panel/lib/python3.10/site-packages/dobot_control_panel/ros2_dobot_control_panel.py
/home/ssafy/finalPJT/SelfFound/ros2_ws/install/dobot_control_panel/lib/python3.10/site-packages/dobot_control_panel/main.py
/home/ssafy/finalPJT/SelfFound/ros2_ws/install/dobot_control_panel/lib/python3.10/site-packages/dobot_control_panel/__init__.py
/home/ssafy/finalPJT/SelfFound/ros2_ws/install/dobot_control_panel/lib/python3.10/site-packages/dobot_control_panel/__pycache__/dobot_control_panel_widget.cpython-310.pyc
/home/ssafy/finalPJT/SelfFound/ros2_ws/install/dobot_control_panel/lib/python3.10/site-packages/dobot_control_panel/__pycache__/ros2_dobot_control_panel.cpython-310.pyc
/home/ssafy/finalPJT/SelfFound/ros2_ws/install/dobot_control_panel/lib/python3.10/site-packages/dobot_control_panel/__pycache__/main.cpython-310.pyc
/home/ssafy/finalPJT/SelfFound/ros2_ws/install/dobot_control_panel/lib/python3.10/site-packages/dobot_control_panel/__pycache__/__init__.cpython-310.pyc
/home/ssafy/finalPJT/SelfFound/ros2_ws/install/dobot_control_panel/share/ament_index/resource_index/packages/dobot_control_panel
/home/ssafy/finalPJT/SelfFound/ros2_ws/install/dobot_control_panel/share/dobot_control_panel/package.xml
/home/ssafy/finalPJT/SelfFound/ros2_ws/install/dobot_control_panel/share/dobot_control_panel/resource/DobotControlPanel_layout.ui
/home/ssafy/finalPJT/SelfFound/ros2_ws/install/dobot_control_panel/share/dobot_control_panel/plugin.xml
/home/ssafy/finalPJT/SelfFound/ros2_ws/install/dobot_control_panel/share/dobot_control_panel/resource/images/estop.png
/home/ssafy/finalPJT/SelfFound/ros2_ws/install/dobot_control_panel/share/dobot_control_panel/resource/images/info.png
/home/ssafy/finalPJT/SelfFound/ros2_ws/install/dobot_control_panel/share/dobot_control_panel/resource/images/magician_gui_image.png
/home/ssafy/finalPJT/SelfFound/ros2_ws/install/dobot_control_panel/share/dobot_control_panel/resource/images/blue_house.png
/home/ssafy/finalPJT/SelfFound/ros2_ws/install/dobot_control_panel/share/dobot_control_panel/resource/images/velocity.png
/home/ssafy/finalPJT/SelfFound/ros2_ws/install/dobot_control_panel/share/dobot_control_panel/resource/images/dobot_joints_system.png
/home/ssafy/finalPJT/SelfFound/ros2_ws/install/dobot_control_panel/share/dobot_control_panel/resource/images/stop_rail.png
/home/ssafy/finalPJT/SelfFound/ros2_ws/install/dobot_control_panel/share/dobot_control_panel/resource/images/cartesian_system.png
/home/ssafy/finalPJT/SelfFound/ros2_ws/install/dobot_control_panel/share/dobot_control_panel/resource/images/gripper.png
/home/ssafy/finalPJT/SelfFound/ros2_ws/install/dobot_control_panel/share/dobot_control_panel/resource/images/suction_cup.png
/home/ssafy/finalPJT/SelfFound/ros2_ws/install/dobot_control_panel/share/dobot_control_panel/resource/images/sliding_rail2.png
/home/ssafy/finalPJT/SelfFound/ros2_ws/install/dobot_control_panel/share/dobot_control_panel/resource/images/coordinate_system.png
/home/ssafy/finalPJT/SelfFound/ros2_ws/install/dobot_control_panel/share/dobot_control_panel/resource/images/settings.png
/home/ssafy/finalPJT/SelfFound/ros2_ws/install/dobot_control_panel/share/dobot_control_panel/resource/images
/home/ssafy/finalPJT/SelfFound/ros2_ws/install/dobot_control_panel/lib/python3.10/site-packages/dobot_control_panel-1.0.0-py3.10.egg-info/zip-safe
/home/ssafy/finalPJT/SelfFound/ros2_ws/install/dobot_control_panel/lib/python3.10/site-packages/dobot_control_panel-1.0.0-py3.10.egg-info/PKG-INFO
/home/ssafy/finalPJT/SelfFound/ros2_ws/install/dobot_control_panel/lib/python3.10/site-packages/dobot_control_panel-1.0.0-py3.10.egg-info/entry_points.txt
/home/ssafy/finalPJT/SelfFound/ros2_ws/install/dobot_control_panel/lib/python3.10/site-packages/dobot_control_panel-1.0.0-py3.10.egg-info/requires.txt
/home/ssafy/finalPJT/SelfFound/ros2_ws/install/dobot_control_panel/lib/python3.10/site-packages/dobot_control_panel-1.0.0-py3.10.egg-info/SOURCES.txt
/home/ssafy/finalPJT/SelfFound/ros2_ws/install/dobot_control_panel/lib/python3.10/site-packages/dobot_control_panel-1.0.0-py3.10.egg-info/top_level.txt
/home/ssafy/finalPJT/SelfFound/ros2_ws/install/dobot_control_panel/lib/python3.10/site-packages/dobot_control_panel-1.0.0-py3.10.egg-info/dependency_links.txt
/home/ssafy/finalPJT/SelfFound/ros2_ws/install/dobot_control_panel/lib/dobot_control_panel/dobot_control_panel
