/home/ssafy/finalPJT/SelfFound/ros2_ws/install/dobot_demos/lib/python3.10/site-packages/dobot_demos/homing_client.py
/home/ssafy/finalPJT/SelfFound/ros2_ws/install/dobot_demos/lib/python3.10/site-packages/dobot_demos/PTP_client.py
/home/ssafy/finalPJT/SelfFound/ros2_ws/install/dobot_demos/lib/python3.10/site-packages/dobot_demos/pick_and_place.py
/home/ssafy/finalPJT/SelfFound/ros2_ws/install/dobot_demos/lib/python3.10/site-packages/dobot_demos/__init__.py
/home/ssafy/finalPJT/SelfFound/ros2_ws/install/dobot_demos/lib/python3.10/site-packages/dobot_demos/suction_cup_client.py
/home/ssafy/finalPJT/SelfFound/ros2_ws/install/dobot_demos/lib/python3.10/site-packages/dobot_demos/gripper_client.py
/home/ssafy/finalPJT/SelfFound/ros2_ws/install/dobot_demos/lib/python3.10/site-packages/dobot_demos/__pycache__/homing_client.cpython-310.pyc
/home/ssafy/finalPJT/SelfFound/ros2_ws/install/dobot_demos/lib/python3.10/site-packages/dobot_demos/__pycache__/PTP_client.cpython-310.pyc
/home/ssafy/finalPJT/SelfFound/ros2_ws/install/dobot_demos/lib/python3.10/site-packages/dobot_demos/__pycache__/pick_and_place.cpython-310.pyc
/home/ssafy/finalPJT/SelfFound/ros2_ws/install/dobot_demos/lib/python3.10/site-packages/dobot_demos/__pycache__/__init__.cpython-310.pyc
/home/ssafy/finalPJT/SelfFound/ros2_ws/install/dobot_demos/lib/python3.10/site-packages/dobot_demos/__pycache__/suction_cup_client.cpython-310.pyc
/home/ssafy/finalPJT/SelfFound/ros2_ws/install/dobot_demos/lib/python3.10/site-packages/dobot_demos/__pycache__/gripper_client.cpython-310.pyc
/home/ssafy/finalPJT/SelfFound/ros2_ws/install/dobot_demos/share/ament_index/resource_index/packages/dobot_demos
/home/ssafy/finalPJT/SelfFound/ros2_ws/install/dobot_demos/share/dobot_demos/package.xml
/home/ssafy/finalPJT/SelfFound/ros2_ws/install/dobot_demos/lib/python3.10/site-packages/dobot_demos-1.0.0-py3.10.egg-info/zip-safe
/home/ssafy/finalPJT/SelfFound/ros2_ws/install/dobot_demos/lib/python3.10/site-packages/dobot_demos-1.0.0-py3.10.egg-info/PKG-INFO
/home/ssafy/finalPJT/SelfFound/ros2_ws/install/dobot_demos/lib/python3.10/site-packages/dobot_demos-1.0.0-py3.10.egg-info/entry_points.txt
/home/ssafy/finalPJT/SelfFound/ros2_ws/install/dobot_demos/lib/python3.10/site-packages/dobot_demos-1.0.0-py3.10.egg-info/requires.txt
/home/ssafy/finalPJT/SelfFound/ros2_ws/install/dobot_demos/lib/python3.10/site-packages/dobot_demos-1.0.0-py3.10.egg-info/SOURCES.txt
/home/ssafy/finalPJT/SelfFound/ros2_ws/install/dobot_demos/lib/python3.10/site-packages/dobot_demos-1.0.0-py3.10.egg-info/top_level.txt
/home/ssafy/finalPJT/SelfFound/ros2_ws/install/dobot_demos/lib/python3.10/site-packages/dobot_demos-1.0.0-py3.10.egg-info/dependency_links.txt
/home/ssafy/finalPJT/SelfFound/ros2_ws/install/dobot_demos/lib/dobot_demos/test_gripper
/home/ssafy/finalPJT/SelfFound/ros2_ws/install/dobot_demos/lib/dobot_demos/test_homing
/home/ssafy/finalPJT/SelfFound/ros2_ws/install/dobot_demos/lib/dobot_demos/test_pick_and_place
/home/ssafy/finalPJT/SelfFound/ros2_ws/install/dobot_demos/lib/dobot_demos/test_point_to_point
/home/ssafy/finalPJT/SelfFound/ros2_ws/install/dobot_demos/lib/dobot_demos/test_suction_cup
