/home/ssafy/finalPJT/SelfFound/ros2_ws/install/dobot_motion/lib/python3.10/site-packages/dobot_motion/PTP_server.py
/home/ssafy/finalPJT/SelfFound/ros2_ws/install/dobot_motion/lib/python3.10/site-packages/dobot_motion/__init__.py
/home/ssafy/finalPJT/SelfFound/ros2_ws/install/dobot_motion/lib/python3.10/site-packages/dobot_motion/PTP_params_class.py
/home/ssafy/finalPJT/SelfFound/ros2_ws/install/dobot_motion/lib/python3.10/site-packages/dobot_motion/sliding_rail_server.py
/home/ssafy/finalPJT/SelfFound/ros2_ws/install/dobot_motion/lib/python3.10/site-packages/dobot_motion/__pycache__/PTP_server.cpython-310.pyc
/home/ssafy/finalPJT/SelfFound/ros2_ws/install/dobot_motion/lib/python3.10/site-packages/dobot_motion/__pycache__/__init__.cpython-310.pyc
/home/ssafy/finalPJT/SelfFound/ros2_ws/install/dobot_motion/lib/python3.10/site-packages/dobot_motion/__pycache__/PTP_params_class.cpython-310.pyc
/home/ssafy/finalPJT/SelfFound/ros2_ws/install/dobot_motion/lib/python3.10/site-packages/dobot_motion/__pycache__/sliding_rail_server.cpython-310.pyc
/home/ssafy/finalPJT/SelfFound/ros2_ws/install/dobot_motion/share/ament_index/resource_index/packages/dobot_motion
/home/ssafy/finalPJT/SelfFound/ros2_ws/install/dobot_motion/share/dobot_motion/package.xml
/home/ssafy/finalPJT/SelfFound/ros2_ws/install/dobot_motion/share/dobot_motion/dobot_rail.launch.py
/home/ssafy/finalPJT/SelfFound/ros2_ws/install/dobot_motion/share/dobot_motion/dobot_PTP.launch.py
/home/ssafy/finalPJT/SelfFound/ros2_ws/install/dobot_motion/share/dobot_motion/config/sliding_rail_params.yaml
/home/ssafy/finalPJT/SelfFound/ros2_ws/install/dobot_motion/share/dobot_motion/config/PTP_motion_params.yaml
/home/ssafy/finalPJT/SelfFound/ros2_ws/install/dobot_motion/lib/python3.10/site-packages/dobot_motion-1.0.0-py3.10.egg-info/PKG-INFO
/home/ssafy/finalPJT/SelfFound/ros2_ws/install/dobot_motion/lib/python3.10/site-packages/dobot_motion-1.0.0-py3.10.egg-info/entry_points.txt
/home/ssafy/finalPJT/SelfFound/ros2_ws/install/dobot_motion/lib/python3.10/site-packages/dobot_motion-1.0.0-py3.10.egg-info/dependency_links.txt
/home/ssafy/finalPJT/SelfFound/ros2_ws/install/dobot_motion/lib/python3.10/site-packages/dobot_motion-1.0.0-py3.10.egg-info/requires.txt
/home/ssafy/finalPJT/SelfFound/ros2_ws/install/dobot_motion/lib/python3.10/site-packages/dobot_motion-1.0.0-py3.10.egg-info/top_level.txt
/home/ssafy/finalPJT/SelfFound/ros2_ws/install/dobot_motion/lib/python3.10/site-packages/dobot_motion-1.0.0-py3.10.egg-info/SOURCES.txt
/home/ssafy/finalPJT/SelfFound/ros2_ws/install/dobot_motion/lib/python3.10/site-packages/dobot_motion-1.0.0-py3.10.egg-info/zip-safe
/home/ssafy/finalPJT/SelfFound/ros2_ws/install/dobot_motion/lib/dobot_motion/PTP_server
/home/ssafy/finalPJT/SelfFound/ros2_ws/install/dobot_motion/lib/dobot_motion/sliding_rail_server
